// Jest Snapshot v1, https://goo.gl/fbAQLP

exports[`Table Match SnapShot 1`] = `
<div
  className="container-table"
>
  <div
    className="table"
  >
    <table>
      <thead
        className="table-head"
      >
        <tr>
          <th
            className="column1"
          >
            Name
          </th>
          <th
            className="column2"
          >
            Birth date
          </th>
          <th>
            Commands
          </th>
        </tr>
      </thead>
      <tbody
        className="table-body js-pscroll"
      >
        <tr
          className="row"
        >
          <td
            className="column1"
          >
            John
          </td>
          <td
            className="column2"
          >
            2018-01-01
          </td>
          <td
            className="buttons"
          >
            <a
              className="row-link"
              href="/school-tracker/students/1"
              onClick={[Function]}
            >
              scores
            </a>
          </td>
        </tr>
        <tr
          className="row"
        >
          <td
            className="column1"
          >
            Peter
          </td>
          <td
            className="column2"
          >
            2018-01-01
          </td>
          <td
            className="buttons"
          >
            <a
              className="row-link"
              href="/school-tracker/students/2"
              onClick={[Function]}
            >
              scores
            </a>
          </td>
        </tr>
        <tr
          className="row"
        >
          <td
            className="column1"
          >
            Mark
          </td>
          <td
            className="column2"
          >
            2018-01-01
          </td>
          <td
            className="buttons"
          >
            <a
              className="row-link"
              href="/school-tracker/students/3"
              onClick={[Function]}
            >
              scores
            </a>
          </td>
        </tr>
        <tr
          className="row"
        >
          <td
            className="column1"
          >
            Louis
          </td>
          <td
            className="column2"
          >
            2018-01-01
          </td>
          <td
            className="buttons"
          >
            <a
              className="row-link"
              href="/school-tracker/students/4"
              onClick={[Function]}
            >
              scores
            </a>
          </td>
        </tr>
      </tbody>
    </table>
  </div>
</div>
`;
