// Jest Snapshot v1, https://goo.gl/fbAQLP

exports[`Table Match SnapShot 1`] = `
<div
  className="container-table"
>
  <div
    className="table"
  >
    <table>
      <thead
        className="table-head"
      >
        <tr>
          <th
            className="column_name"
          >
            Name
          </th>
          <th
            className="column_birth_date"
          >
            Birth date
          </th>
        </tr>
      </thead>
      <tbody
        className="table-body js-pscroll"
      >
        <tr
          className="row"
        >
          <td
            className="column1"
          >
            John
          </td>
          <td
            className="column2"
          >
            2018-01-01
          </td>
        </tr>
        <tr
          className="row"
        >
          <td
            className="column1"
          >
            Peter
          </td>
          <td
            className="column2"
          >
            2018-01-01
          </td>
        </tr>
        <tr
          className="row"
        >
          <td
            className="column1"
          >
            Mark
          </td>
          <td
            className="column2"
          >
            2018-01-01
          </td>
        </tr>
        <tr
          className="row"
        >
          <td
            className="column1"
          >
            Louis
          </td>
          <td
            className="column2"
          >
            2018-01-01
          </td>
        </tr>
      </tbody>
    </table>
  </div>
</div>
`;
